<!DOCTYPE html PUBLIC "-//W3C//DTD XHTML 1.0 Transitional//EN" "http://www.w3.org/TR/xhtml1/DTD/xhtml1-transitional.dtd">
<html xmlns="http://www.w3.org/1999/xhtml">
	<head><base href="http://localhost:49800/admin/elmah">
		<meta http-equiv="X-UA-Compatible" content="IE=EmulateIE7" />
		<title>
			
		</title>
		<link rel="stylesheet" type="text/css" href="/admin/elmah/stylesheet" />

	</head>
	<body>
		<p>Error not found in log.</p>
		<p id="Footer"><span>Powered by <a href="http://elmah.googlecode.com/">ELMAH</a>, version 1.2.14706.955. Copyright (c) 2004, Atif Aziz. All rights reserved. Licensed under <a href="http://www.apache.org/licenses/LICENSE-2.0">Apache License, Version 2.0</a>. </span>Server date is Friday, 08 June 2012. . All dates and times displayed are in the FLE Daylight Time zone. This log is provided by the XML File-Based Error Log.</p>
	</body>

</html>
